// Jest Snapshot v1, https://goo.gl/fbAQLP

exports[`App.jsx matches snapshot 1`] = `
<div
  id="app"
>
  <BrowserRouter>
    <AppHeader />
    <main
      className="container"
    >
      <Router />
    </main>
    <AppFooter />
  </BrowserRouter>
</div>
`;
