// Jest Snapshot v1, https://goo.gl/fbAQLP

exports[`Home.jsx matches snapshot 1`] = `
<div
  className="home"
>
  <MemeGen />
</div>
`;
